============================= test session starts ==============================
platform linux -- Python 3.12.3, pytest-9.0.3, pluggy-1.6.0 -- /home/guillaume/.openclaw/workspace/coremind/.venv/bin/python
cachedir: .pytest_cache
rootdir: /home/guillaume/.openclaw/workspace/coremind
configfile: pyproject.toml
plugins: asyncio-1.3.0, anyio-4.13.0, cov-7.1.0
asyncio: mode=Mode.AUTO, debug=False, asyncio_default_fixture_loop_scope=None, asyncio_default_test_loop_scope=function
collecting ... collected 2 items

tests/plugin_host/test_server.py::test_plugin_host_server_start_creates_socket FAILED [ 50%]
tests/integrations/openclaw_adapter/test_end_to_end.py::test_notify_end_to_end ERROR [100%]

==================================== ERRORS ====================================
___________________ ERROR at setup of test_notify_end_to_end ___________________

tmp_path = PosixPath('/home/guillaume/.vscode-insiders/tmp/tmp_vscode_1/pytest-of-guillaume/pytest-44/test_notify_end_to_end0')

    @pytest_asyncio.fixture
    async def openclaw_server(tmp_path: Path) -> AsyncIterator[tuple[str, _FakeOpenClawServicer]]:
        socket = _short_socket(tmp_path, "oc.sock")
        address = f"unix://{socket}"
        servicer = _FakeOpenClawServicer()
        server = grpc.aio.server()
        adapter_pb2_grpc.add_OpenClawHalfServicer_to_server(servicer, server)  # type: ignore[no-untyped-call]
>       server.add_insecure_port(address)

tests/integrations/openclaw_adapter/test_end_to_end.py:100: 
_ _ _ _ _ _ _ _ _ _ _ _ _ _ _ _ _ _ _ _ _ _ _ _ _ _ _ _ _ _ _ _ _ _ _ _ _ _ _ _ 

self = <grpc.aio._server.Server object at 0x74046f875ac0>
address = 'unix:///home/guillaume/.vscode-insiders/tmp/tmp_vscode_1/cmee6giukw/oc.sock'

    def add_insecure_port(self, address: str) -> int:
        """Opens an insecure port for accepting RPCs.
    
        This method may only be called before starting the server.
    
        Args:
          address: The address for which to open a port. If the port is 0,
            or not specified in the address, then the gRPC runtime will choose a port.
    
        Returns:
          An integer port on which the server will accept RPC requests.
        """
>       return _common.validate_port_binding_result(
            address, self._server.add_insecure_port(_common.encode(address))
        )

.venv/lib/python3.12/site-packages/grpc/aio/_server.py:105: 
_ _ _ _ _ _ _ _ _ _ _ _ _ _ _ _ _ _ _ _ _ _ _ _ _ _ _ _ _ _ _ _ _ _ _ _ _ _ _ _ 

address = 'unix:///home/guillaume/.vscode-insiders/tmp/tmp_vscode_1/cmee6giukw/oc.sock'
port = 0

    def validate_port_binding_result(address: str, port: int) -> int:
        """Validates if the port binding succeed.
    
        If the port returned by Core is 0, the binding is failed. However, in that
        case, the Core API doesn't return a detailed failing reason. The best we
        can do is raising an exception to prevent further confusion.
    
        Args:
            address: The address string to be bound.
            port: An int returned by core
        """
        if port == 0:
            # The Core API doesn't return a failure message. The best we can do
            # is raising an exception to prevent further confusion.
>           raise RuntimeError(_ERROR_MESSAGE_PORT_BINDING_FAILED % address)
E           RuntimeError: Failed to bind to address unix:///home/guillaume/.vscode-insiders/tmp/tmp_vscode_1/cmee6giukw/oc.sock; set GRPC_VERBOSITY=debug environment variable to see detailed error message.

.venv/lib/python3.12/site-packages/grpc/_common.py:179: RuntimeError
---------------------------- Captured stderr setup -----------------------------
E0526 17:30:27.958069       3 add_port.cc:83] Failed to add port to server: No address added out of total 1 resolved for 'unix:///home/guillaume/.vscode-insiders/tmp/tmp_vscode_1/cmee6giukw/oc.sock'
=================================== FAILURES ===================================
_________________ test_plugin_host_server_start_creates_socket _________________

self = <coremind.plugin_host.server.PluginHostServer object at 0x74046f8ef2c0>

    async def start(self) -> None:
        """Create the Unix socket directory, bind, and start the gRPC server.
    
        Raises:
            CoreMindError: If the server cannot bind to the socket path.
        """
        self._socket_path.parent.mkdir(parents=True, exist_ok=True)
    
        # Remove stale socket from a previous run.
        if self._socket_path.exists():
            self._socket_path.unlink()
    
        servicer = _CoreMindHostServicer(
            registry=self._registry,
            event_bus=self._event_bus,
            secrets_resolver=self._secrets_resolver,
        )
    
        self._server = grpc.aio.server()
        plugin_pb2_grpc.add_CoreMindHostServicer_to_server(servicer, self._server)  # type: ignore[no-untyped-call]  # generated
    
        address = f"unix://{self._socket_path}"
        try:
>           self._server.add_insecure_port(address)

src/coremind/plugin_host/server.py:434: 
_ _ _ _ _ _ _ _ _ _ _ _ _ _ _ _ _ _ _ _ _ _ _ _ _ _ _ _ _ _ _ _ _ _ _ _ _ _ _ _ 

self = <grpc.aio._server.Server object at 0x74046f8ef3e0>
address = 'unix:///home/guillaume/.vscode-insiders/tmp/tmp_vscode_1/cmiiip2emu/plugin_host.sock'

    def add_insecure_port(self, address: str) -> int:
        """Opens an insecure port for accepting RPCs.
    
        This method may only be called before starting the server.
    
        Args:
          address: The address for which to open a port. If the port is 0,
            or not specified in the address, then the gRPC runtime will choose a port.
    
        Returns:
          An integer port on which the server will accept RPC requests.
        """
>       return _common.validate_port_binding_result(
            address, self._server.add_insecure_port(_common.encode(address))
        )

.venv/lib/python3.12/site-packages/grpc/aio/_server.py:105: 
_ _ _ _ _ _ _ _ _ _ _ _ _ _ _ _ _ _ _ _ _ _ _ _ _ _ _ _ _ _ _ _ _ _ _ _ _ _ _ _ 

address = 'unix:///home/guillaume/.vscode-insiders/tmp/tmp_vscode_1/cmiiip2emu/plugin_host.sock'
port = 0

    def validate_port_binding_result(address: str, port: int) -> int:
        """Validates if the port binding succeed.
    
        If the port returned by Core is 0, the binding is failed. However, in that
        case, the Core API doesn't return a detailed failing reason. The best we
        can do is raising an exception to prevent further confusion.
    
        Args:
            address: The address string to be bound.
            port: An int returned by core
        """
        if port == 0:
            # The Core API doesn't return a failure message. The best we can do
            # is raising an exception to prevent further confusion.
>           raise RuntimeError(_ERROR_MESSAGE_PORT_BINDING_FAILED % address)
E           RuntimeError: Failed to bind to address unix:///home/guillaume/.vscode-insiders/tmp/tmp_vscode_1/cmiiip2emu/plugin_host.sock; set GRPC_VERBOSITY=debug environment variable to see detailed error message.

.venv/lib/python3.12/site-packages/grpc/_common.py:179: RuntimeError

The above exception was the direct cause of the following exception:

tmp_path = PosixPath('/home/guillaume/.vscode-insiders/tmp/tmp_vscode_1/pytest-of-guillaume/pytest-44/test_plugin_host_server_start_0')
registry = <coremind.plugin_host.registry.PluginRegistry object at 0x74046f89f350>
event_bus = <coremind.core.event_bus.EventBus object at 0x74046fb71640>

    @pytest.mark.asyncio
    async def test_plugin_host_server_start_creates_socket(
        tmp_path: Path,
        registry: PluginRegistry,
        event_bus: EventBus,
    ) -> None:
        """PluginHostServer.start() creates a Unix socket at the configured path."""
        socket_path = _short_socket(tmp_path, "plugin_host.sock")
        server = PluginHostServer(
            socket_path=socket_path,
            registry=registry,
            event_bus=event_bus,
            secrets_resolver=_no_secrets,
        )
>       await server.start()

tests/plugin_host/test_server.py:549: 
_ _ _ _ _ _ _ _ _ _ _ _ _ _ _ _ _ _ _ _ _ _ _ _ _ _ _ _ _ _ _ _ _ _ _ _ _ _ _ _ 

self = <coremind.plugin_host.server.PluginHostServer object at 0x74046f8ef2c0>

    async def start(self) -> None:
        """Create the Unix socket directory, bind, and start the gRPC server.
    
        Raises:
            CoreMindError: If the server cannot bind to the socket path.
        """
        self._socket_path.parent.mkdir(parents=True, exist_ok=True)
    
        # Remove stale socket from a previous run.
        if self._socket_path.exists():
            self._socket_path.unlink()
    
        servicer = _CoreMindHostServicer(
            registry=self._registry,
            event_bus=self._event_bus,
            secrets_resolver=self._secrets_resolver,
        )
    
        self._server = grpc.aio.server()
        plugin_pb2_grpc.add_CoreMindHostServicer_to_server(servicer, self._server)  # type: ignore[no-untyped-call]  # generated
    
        address = f"unix://{self._socket_path}"
        try:
            self._server.add_insecure_port(address)
            await self._server.start()
        except Exception as exc:
>           raise CoreMindError(f"plugin host could not bind to {address!r}") from exc
E           coremind.errors.CoreMindError: plugin host could not bind to 'unix:///home/guillaume/.vscode-insiders/tmp/tmp_vscode_1/cmiiip2emu/plugin_host.sock'

src/coremind/plugin_host/server.py:437: CoreMindError
---------------------------- Captured stdout setup -----------------------------
2026-05-26 17:30:27 [info     ] plugin_host.registered         plugin_id=coremind.plugin.test version=1.0.0
----------------------------- Captured stderr call -----------------------------
E0526 17:30:27.908224       3 add_port.cc:83] Failed to add port to server: No address added out of total 1 resolved for 'unix:///home/guillaume/.vscode-insiders/tmp/tmp_vscode_1/cmiiip2emu/plugin_host.sock'
================================ tests coverage ================================
_______________ coverage: platform linux, python 3.12.3-final-0 ________________

Name                                                   Stmts   Miss Branch BrPart  Cover   Missing
--------------------------------------------------------------------------------------------------
src/coremind/__init__.py                                   1      0      0      0   100%
src/coremind/action/__init__.py                            0      0      0      0   100%
src/coremind/action/action_classes.py                     39     39     16      0     0%   22-181
src/coremind/action/approvals.py                         122    122     24      0     0%   15-342
src/coremind/action/autonomy.py                           62     62     20      0     0%   17-304
src/coremind/action/autonomy_store.py                     34     34      4      0     0%   7-120
src/coremind/action/effectors.py                         281    281     86      0     0%   16-805
src/coremind/action/executor.py                          214    214     68      0     0%   16-520
src/coremind/action/forced_classes.py                      5      5      0      0     0%   21-42
src/coremind/action/graduation.py                         53     53     16      0     0%   9-155
src/coremind/action/journal.py                           279    279     82      0     0%   34-670
src/coremind/action/notification_journal.py               53     53     20      0     0%   8-139
src/coremind/action/router.py                             44     44     14      0     0%   17-123
src/coremind/action/schemas.py                            30     30      0      0     0%   10-84
src/coremind/cli/__init__.py                             695    695    118      0     0%   15-1565
src/coremind/cli/reflect_ports.py                         40     40      6      0     0%   13-106
src/coremind/config.py                                   104    104      6      0     0%   10-228
src/coremind/conversation/__init__.py                      5      5      0      0     0%   9-19
src/coremind/conversation/handler.py                     108    108     32      0     0%   10-318
src/coremind/conversation/prompts.py                       4      4      0      0     0%   8-51
src/coremind/conversation/schemas.py                      66     66     12      0     0%   8-116
src/coremind/conversation/store.py                        75     75     28      0     0%   7-140
src/coremind/core/__init__.py                              0      0      0      0   100%
src/coremind/core/daemon.py                              510    510    120      0     0%   13-1302
src/coremind/core/event_bus.py                            86     50     22      2    35%   41, 70-73, 90-114, 117->exit, 125->exit, 148-150, 157-161, 187, 192, 204-221, 232-234, 247-251
src/coremind/crypto/__init__.py                            0      0      0      0   100%
src/coremind/crypto/signatures.py                        102     74     14      0    24%   64-65, 83-87, 102, 112-115, 130-141, 155-169, 184-191, 206-213, 229-240, 260-276, 293-296
src/coremind/dashboard/__init__.py                         6      6      0      0     0%   16-37
src/coremind/dashboard/auth.py                            18     18      4      0     0%   23-75
src/coremind/dashboard/data.py                            52     52      0      0     0%   13-162
src/coremind/dashboard/server.py                          66     66      4      0     0%   9-154
src/coremind/dashboard/views.py                          375    375    134      0     0%   17-1668
src/coremind/errors.py                                    18      0      0      0   100%
src/coremind/intention/__init__.py                         0      0      0      0   100%
src/coremind/intention/loop.py                           317    317     90      0     0%   17-701
src/coremind/intention/persistence.py                     90     90     18      0     0%   12-178
src/coremind/intention/prompts.py                         15     15      2      0     0%   8-182
src/coremind/intention/salience.py                        77     77     22      0     0%   24-209
src/coremind/intention/schemas.py                         43     43      0      0     0%   12-136
src/coremind/intention/stale_investigation_pruner.py      90     90     34      0     0%   12-219
src/coremind/memory/__init__.py                            0      0      0      0   100%
src/coremind/memory/embeddings.py                        134    134     30      0     0%   15-344
src/coremind/memory/episodic.py                           98     98     10      0     0%   7-384
src/coremind/memory/narrative.py                         100    100     26      0     0%   8-175
src/coremind/memory/procedural.py                        206    206     56      0     0%   13-548
src/coremind/memory/qdrant_store.py                       65     65      8      0     0%   16-228
src/coremind/memory/semantic.py                          121    121     22      0     0%   9-509
src/coremind/notify/__init__.py                            0      0      0      0   100%
src/coremind/notify/adapters/__init__.py                   0      0      0      0   100%
src/coremind/notify/adapters/dashboard.py                 44     44      2      0     0%   9-117
src/coremind/notify/adapters/nest_hub.py                  54     54     10      0     0%   9-145
src/coremind/notify/adapters/telegram.py                 155    155     50      0     0%   15-348
src/coremind/notify/port.py                               34     34      0      0     0%   18-115
src/coremind/notify/quiet_hours.py                        68     68     18      0     0%   21-190
src/coremind/notify/router.py                             64     64     18      0     0%   19-192
src/coremind/plugin_api/__init__.py                        0      0      0      0   100%
src/coremind/plugin_helpers.py                            47     47      4      0     0%   7-125
src/coremind/plugin_host/__init__.py                       0      0      0      0   100%
src/coremind/plugin_host/registry.py                      92     26     18      6    65%   134, 138, 164-167, 177-179, 189-191, 209-210, 218, 233-234, 242, 253-254, 276, 279, 282, 288, 300-303
src/coremind/plugin_host/server.py                       164    112     44      1    25%   56-69, 85-97, 161-210, 231-331, 347-369, 421, 435, 439, 447-451, 459-460
src/coremind/prediction/__init__.py                        3      3      0      0     0%   12-15
src/coremind/prediction/predictor.py                      66     66     14      0     0%   3-131
src/coremind/prediction/schemas.py                        22     22      0      0     0%   7-66
src/coremind/presence/__init__.py                          3      3      0      0     0%   8-11
src/coremind/presence/detector.py                         83     83     22      0     0%   9-170
src/coremind/presence/scheduler.py                        57     57     12      0     0%   7-112
src/coremind/presence/schemas.py                          27     27      0      0     0%   3-42
src/coremind/reasoning/__init__.py                         0      0      0      0   100%
src/coremind/reasoning/llm.py                            120    120     22      0     0%   19-401
src/coremind/reasoning/loop.py                           241    241     56      0     0%   18-561
src/coremind/reasoning/persistence.py                     58     58     14      0     0%   10-126
src/coremind/reasoning/prompts.py                         19     19      2      0     0%   23-231
src/coremind/reasoning/schemas.py                         48     48      0      0     0%   9-111
src/coremind/reflection/__init__.py                        8      8      0      0     0%   15-76
src/coremind/reflection/calibration.py                   218    218     58      0     0%   32-595
src/coremind/reflection/evaluator.py                     102    102     14      0     0%   35-447
src/coremind/reflection/feedback.py                       37     37     18      0     0%   7-107
src/coremind/reflection/loop.py                          187    187     18      0     0%   26-660
src/coremind/reflection/notify.py                         26     26      4      0     0%   10-84
src/coremind/reflection/report.py                        133    133     48      0     0%   24-332
src/coremind/reflection/rule_learner.py                  246    246     70      0     0%   65-785
src/coremind/reflection/schemas.py                        41     41      0      0     0%   10-106
src/coremind/reflection/store.py                         200    200     66      0     0%   24-559
src/coremind/world/__init__.py                             0      0      0      0   100%
src/coremind/world/model.py                               38      0      0      0   100%
src/coremind/world/store.py                              208    208     54      0     0%   8-702
--------------------------------------------------------------------------------------------------
TOTAL                                                   7816   7577   1824      9     3%
=========================== short test summary info ============================
ERROR tests/integrations/openclaw_adapter/test_end_to_end.py::test_notify_end_to_end
FAILED tests/plugin_host/test_server.py::test_plugin_host_server_start_creates_socket
========================== 1 failed, 1 error in 2.05s ==========================
